[debug] [2026-08-16T16:15:59.006Z] ----------------------------------------------------------------------
[debug] [2026-08-16T16:15:59.017Z] Command:       C:\Program Files\nodejs\node.exe C:\Users\kumod\AppData\Roaming\npm\node_modules\firebase-tools\lib\bin\firebase.js deploy --only firestore:rules
[debug] [2026-08-16T16:15:59.017Z] CLI Version:   15.27.0
[debug] [2026-08-16T16:15:59.018Z] Platform:      win32
[debug] [2026-08-16T16:15:59.018Z] Node Version:  v24.18.0
[debug] [2026-08-16T16:15:59.018Z] Detected Agent: unknown
[debug] [2026-08-16T16:15:59.019Z] Time:          Sun Aug 16 2026 21:45:59 GMT+0530 (India Standard Time)
[debug] [2026-08-16T16:15:59.019Z] ----------------------------------------------------------------------
[debug] 
[debug] [2026-08-16T16:16:01.835Z] Object "" in "firebase.json" has unknown property: {"additionalProperty":"flutter"}
[debug] [2026-08-16T16:16:01.839Z] > command requires scopes: ["email","openid","https://www.googleapis.com/auth/cloudplatformprojects.readonly","https://www.googleapis.com/auth/firebase","https://www.googleapis.com/auth/cloud-platform"]
[debug] [2026-08-16T16:16:01.840Z] > authorizing via signed-in user (kumodhirajapura@gmail.com)
[debug] [2026-08-16T16:16:01.840Z] [iam] checking project smartnest-f9b99 for permissions ["datastore.indexes.create","datastore.indexes.delete","datastore.indexes.list","datastore.indexes.update","firebase.projects.get"]
[debug] [2026-08-16T16:16:01.852Z] Checked if tokens are valid: true, expires at: 1786899838661
[debug] [2026-08-16T16:16:01.852Z] Checked if tokens are valid: true, expires at: 1786899838661
[debug] [2026-08-16T16:16:01.853Z] >>> [apiv2][query] POST https://cloudresourcemanager.googleapis.com/v1/projects/smartnest-f9b99:testIamPermissions [none]
[debug] [2026-08-16T16:16:01.853Z] >>> [apiv2][(partial)header] POST https://cloudresourcemanager.googleapis.com/v1/projects/smartnest-f9b99:testIamPermissions  x-goog-user-project=smartnest-f9b99
[debug] [2026-08-16T16:16:01.853Z] >>> [apiv2][body] POST https://cloudresourcemanager.googleapis.com/v1/projects/smartnest-f9b99:testIamPermissions {"permissions":["datastore.indexes.create","datastore.indexes.delete","datastore.indexes.list","datastore.indexes.update","firebase.projects.get"]}
[debug] [2026-08-16T16:16:12.504Z] *** [apiv2] error from fetch(https://cloudresourcemanager.googleapis.com/v1/projects/smartnest-f9b99:testIamPermissions, {"headers":{},"method":"POST","body":"{\"permissions\":[\"datastore.indexes.create\",\"datastore.indexes.delete\",\"datastore.indexes.list\",\"datastore.indexes.update\",\"firebase.projects.get\"]}"}): ConnectTimeoutError: Connect Timeout Error (attempted address: cloudresourcemanager.googleapis.com:443, timeout: 10000ms)
[debug] [2026-08-16T16:16:12.506Z] [iam] error while checking permissions, command may fail: Failed to make request to https://cloudresourcemanager.googleapis.com/v1/projects/smartnest-f9b99:testIamPermissions
[info] 
[info] === Deploying to 'smartnest-f9b99'...
[info] 
[info] i  deploying firestore 
[info] i  firestore: ensuring required API firestore.googleapis.com is enabled... 
[debug] [2026-08-16T16:16:12.531Z] Checked if tokens are valid: true, expires at: 1786899838661
[debug] [2026-08-16T16:16:12.532Z] Checked if tokens are valid: true, expires at: 1786899838661
[debug] [2026-08-16T16:16:12.533Z] >>> [apiv2][query] GET https://serviceusage.googleapis.com/v1/projects/smartnest-f9b99/services/firestore.googleapis.com [none]
[debug] [2026-08-16T16:16:12.534Z] >>> [apiv2][(partial)header] GET https://serviceusage.googleapis.com/v1/projects/smartnest-f9b99/services/firestore.googleapis.com  x-goog-user-project=smartnest-f9b99
[debug] [2026-08-16T16:16:23.148Z] *** [apiv2] error from fetch(https://serviceusage.googleapis.com/v1/projects/smartnest-f9b99/services/firestore.googleapis.com, {"headers":{},"method":"GET"}): ConnectTimeoutError: Connect Timeout Error (attempted address: serviceusage.googleapis.com:443, timeout: 10000ms)
[debug] [2026-08-16T16:16:28.185Z] Error: Timed out.
    at Timeout._onTimeout (C:\Users\kumod\AppData\Roaming\npm\node_modules\firebase-tools\lib\utils.js:296:49)
    at listOnTimeout (node:internal/timers:605:17)
    at process.processTimers (node:internal/timers:541:7)
[error] 
[error] Error: An unexpected error has occurred.
[debug] [2026-08-16T16:29:16.054Z] ----------------------------------------------------------------------
[debug] [2026-08-16T16:29:16.061Z] Command:       C:\Program Files\nodejs\node.exe C:\Users\kumod\AppData\Roaming\npm\node_modules\firebase-tools\lib\bin\firebase.js deploy --only firestore:rules
[debug] [2026-08-16T16:29:16.061Z] CLI Version:   15.27.0
[debug] [2026-08-16T16:29:16.061Z] Platform:      win32
[debug] [2026-08-16T16:29:16.061Z] Node Version:  v24.18.0
[debug] [2026-08-16T16:29:16.061Z] Detected Agent: unknown
[debug] [2026-08-16T16:29:16.062Z] Time:          Sun Aug 16 2026 21:59:16 GMT+0530 (India Standard Time)
[debug] [2026-08-16T16:29:16.062Z] ----------------------------------------------------------------------
[debug] 
[debug] [2026-08-16T16:29:18.212Z] Object "" in "firebase.json" has unknown property: {"additionalProperty":"flutter"}
[debug] [2026-08-16T16:29:18.216Z] > command requires scopes: ["email","openid","https://www.googleapis.com/auth/cloudplatformprojects.readonly","https://www.googleapis.com/auth/firebase","https://www.googleapis.com/auth/cloud-platform"]
[debug] [2026-08-16T16:29:18.217Z] > authorizing via signed-in user (kumodhirajapura@gmail.com)
[debug] [2026-08-16T16:29:18.217Z] [iam] checking project smartnest-f9b99 for permissions ["datastore.indexes.create","datastore.indexes.delete","datastore.indexes.list","datastore.indexes.update","firebase.projects.get"]
[debug] [2026-08-16T16:29:18.238Z] Checked if tokens are valid: true, expires at: 1786899838661
[debug] [2026-08-16T16:29:18.238Z] Checked if tokens are valid: true, expires at: 1786899838661
[debug] [2026-08-16T16:29:18.239Z] >>> [apiv2][query] POST https://cloudresourcemanager.googleapis.com/v1/projects/smartnest-f9b99:testIamPermissions [none]
[debug] [2026-08-16T16:29:18.240Z] >>> [apiv2][(partial)header] POST https://cloudresourcemanager.googleapis.com/v1/projects/smartnest-f9b99:testIamPermissions  x-goog-user-project=smartnest-f9b99
[debug] [2026-08-16T16:29:18.240Z] >>> [apiv2][body] POST https://cloudresourcemanager.googleapis.com/v1/projects/smartnest-f9b99:testIamPermissions {"permissions":["datastore.indexes.create","datastore.indexes.delete","datastore.indexes.list","datastore.indexes.update","firebase.projects.get"]}
[debug] [2026-08-16T16:29:28.156Z] <<< [apiv2][status] POST https://cloudresourcemanager.googleapis.com/v1/projects/smartnest-f9b99:testIamPermissions 200
[debug] [2026-08-16T16:29:28.156Z] <<< [apiv2][body] POST https://cloudresourcemanager.googleapis.com/v1/projects/smartnest-f9b99:testIamPermissions {"permissions":["datastore.indexes.create","datastore.indexes.delete","datastore.indexes.list","datastore.indexes.update","firebase.projects.get"]}
[info] 
[info] === Deploying to 'smartnest-f9b99'...
[info] 
[info] i  deploying firestore 
[info] i  firestore: ensuring required API firestore.googleapis.com is enabled... 
[debug] [2026-08-16T16:29:28.160Z] Checked if tokens are valid: true, expires at: 1786899838661
[debug] [2026-08-16T16:29:28.160Z] Checked if tokens are valid: true, expires at: 1786899838661
[debug] [2026-08-16T16:29:28.160Z] >>> [apiv2][query] GET https://serviceusage.googleapis.com/v1/projects/smartnest-f9b99/services/firestore.googleapis.com [none]
[debug] [2026-08-16T16:29:28.160Z] >>> [apiv2][(partial)header] GET https://serviceusage.googleapis.com/v1/projects/smartnest-f9b99/services/firestore.googleapis.com  x-goog-user-project=smartnest-f9b99
[debug] [2026-08-16T16:29:41.788Z] <<< [apiv2][status] GET https://serviceusage.googleapis.com/v1/projects/smartnest-f9b99/services/firestore.googleapis.com 200
[debug] [2026-08-16T16:29:41.788Z] <<< [apiv2][body] GET https://serviceusage.googleapis.com/v1/projects/smartnest-f9b99/services/firestore.googleapis.com [omitted]
[info] +  firestore: required API firestore.googleapis.com is enabled 
[info] i  firestore: ensuring required API firestore.googleapis.com is enabled... 
[debug] [2026-08-16T16:29:41.822Z] Checked if tokens are valid: true, expires at: 1786899838661
[debug] [2026-08-16T16:29:41.822Z] Checked if tokens are valid: true, expires at: 1786899838661
[debug] [2026-08-16T16:29:41.822Z] >>> [apiv2][query] GET https://firestore.googleapis.com/v1/projects/smartnest-f9b99/databases/(default) [none]
[debug] [2026-08-16T16:29:52.486Z] *** [apiv2] error from fetch(https://firestore.googleapis.com/v1/projects/smartnest-f9b99/databases/(default), {"headers":{},"method":"GET"}): ConnectTimeoutError: Connect Timeout Error (attempted addresses: 2404:6800:4000:1017::5f:443, 192.178.193.95:443, timeout: 10000ms)
[info] i  firestore: reading indexes from firestore.indexes.json... 
[info] i  cloud.firestore: checking firestore.rules for compilation errors... 
[debug] [2026-08-16T16:29:52.492Z] Checked if tokens are valid: true, expires at: 1786899838661
[debug] [2026-08-16T16:29:52.492Z] Checked if tokens are valid: true, expires at: 1786899838661
[debug] [2026-08-16T16:29:52.493Z] >>> [apiv2][query] POST https://firebaserules.googleapis.com/v1/projects/smartnest-f9b99:test [none]
[debug] [2026-08-16T16:29:52.493Z] >>> [apiv2][body] POST https://firebaserules.googleapis.com/v1/projects/smartnest-f9b99:test [omitted]
[debug] [2026-08-16T16:30:03.115Z] *** [apiv2] error from fetch(https://firebaserules.googleapis.com/v1/projects/smartnest-f9b99:test, {"headers":{},"method":"POST","body":"{\"source\":{\"files\":[{\"name\":\"firestore.rules\",\"content\":\"rules_version = '2';\\r\\n\\r\\n// Security rules for Smart Nest.\\r\\n//\\r\\n// Canonical schema: firebase/SCHEMA.md\\r\\n//\\r\\n// Two kinds of caller reach Firestore through these rules:\\r\\n//\\r\\n//   * the Flutter app     -- signed in with email/password or Google\\r\\n//   * the web simulator   -- signed in anonymously\\r\\n//\\r\\n// The backend worker uses the Admin SDK, which bypasses rules entirely. That\\r\\n// asymmetry is the design: anything only the worker may write is simply denied\\r\\n// to everybody here, and the worker still writes it.\\r\\n//\\r\\n// There is no `ownerId` scoping. This is one shared house -- the app, the\\r\\n// simulator and the worker all look at the same devices. Per-user devices would\\r\\n// make the simulator unable to mirror the app at all.\\r\\n//\\r\\n// Deploy:  firebase deploy --only firestore:rules\\r\\n\\r\\nservice cloud.firestore {\\r\\n  match /databases/{database}/documents {\\r\\n\\r\\n    function signedIn() {\\r\\n      return request.auth != null;\\r\\n    }\\r\\n\\r\\n    // Which fields this update actually touches.\\r\\n    function changed() {\\r\\n      return request.resource.data.diff(resource.data).affectedKeys();\\r\\n    }\\r\\n\\r\\n    function validStatus() {\\r\\n      return request.resource.data.status in ['on', 'off', 'error', 'disconnected'];\\r\\n    }\\r\\n\\r\\n    // lastAlert / lastAlertAt are written by the worker only. A client that\\r\\n    // could set them could fake a safety alert on any device.\\r\\n    function noBackendOnlyFields() {\\r\\n      return !changed().hasAny(['lastAlert', 'lastAlertAt']);\\r\\n    }\\r\\n\\r\\n    match /floors/{floorId} {\\r\\n      allow read: if signedIn();\\r\\n      allow create, update, delete: if signedIn();\\r\\n    }\\r\\n\\r\\n    match /rooms/{roomId} {\\r\\n      allow read: if signedIn();\\r\\n      allow create, update, delete: if signedIn();\\r\\n    }\\r\\n\\r\\n    match /devices/{deviceId} {\\r\\n      allow read: if signedIn();\\r\\n      allow create, delete: if signedIn();\\r\\n\\r\\n      // The field list is closed: an unknown field name is rejected rather\\r\\n      // than silently stored. With three separate clients writing to one\\r\\n      // collection, that is what keeps them honest about the schema -- a typo\\r\\n      // fails loudly instead of creating a field nobody reads.\\r\\n      allow update: if signedIn()\\r\\n        && validStatus()\\r\\n        && noBackendOnlyFields()\\r\\n        && changed().hasOnly([\\r\\n             'id', 'name', 'type', 'roomId', 'floorId',\\r\\n             'status', 'statusReason', 'turnedOnAt',\\r\\n             'childSwitches', 'switches',\\r\\n             'maxOnDurationMinutes',\\r\\n             'scheduleStartTime', 'scheduleEndTime',\\r\\n             'scheduleDays', 'scheduleEnabled',\\r\\n             'cameraImageUrls', 'iconName', 'powerUsage',\\r\\n             'lastHeartbeat', 'updatedBy', 'lastUpdated'\\r\\n           ]);\\r\\n    }\\r\\n\\r\\n    // Usage history is evidence. The worker writes it through the Admin SDK;\\r\\n    // no client can add to it, edit it, or quietly erase a session.\\r\\n    match /usage_logs/{logId} {\\r\\n      allow read: if signedIn();\\r\\n      allow write: if false;\\r\\n    }\\r\\n\\r\\n    // Alerts are raised by the worker. A client may only acknowledge one.\\r\\n    match /alerts/{alertId} {\\r\\n      allow read: if signedIn();\\r\\n      allow create: if false;\\r\\n      allow update: if signedIn() && changed().hasOnly(['acknowledged']);\\r\\n      allow delete: if signedIn();\\r\\n    }\\r\\n\\r\\n    // Anything not named above is closed.\\r\\n    match /{document=**} {\\r\\n      allow read, write: if false;\\r\\n    }\\r\\n  }\\r\\n}\\r\\n\"}]}}"}): ConnectTimeoutError: Connect Timeout Error (attempted addresses: 2001:4860:4844:400:::443, 172.217.115.4:443, 2001:4860:4847:400:::443, 172.217.116.4:443, 2001:4860:4846:400:::443, 172.217.119.4:443, 2001:4860:4843:400:::443, 172.217.113.4:443, 2001:4860:4840:400:::443, 172.217.114.4:443, 2001:4860:4842:400:::443, 172.217.112.4:443, 2001:4860:4845:400:::443, 172.217.117.4:443, 2001:4860:4841:400:::443, 172.217.118.4:443, timeout: 10000ms)
[debug] [2026-08-16T16:30:08.126Z] Error: Timed out.
    at Timeout._onTimeout (C:\Users\kumod\AppData\Roaming\npm\node_modules\firebase-tools\lib\utils.js:296:49)
    at listOnTimeout (node:internal/timers:605:17)
    at process.processTimers (node:internal/timers:541:7)
[error] 
[error] Error: An unexpected error has occurred.
[debug] [2026-08-16T16:31:11.812Z] ----------------------------------------------------------------------
[debug] [2026-08-16T16:31:11.820Z] Command:       C:\Program Files\nodejs\node.exe C:\Users\kumod\AppData\Roaming\npm\node_modules\firebase-tools\lib\bin\firebase.js deploy --only firestore:rules --debug
[debug] [2026-08-16T16:31:11.821Z] CLI Version:   15.27.0
[debug] [2026-08-16T16:31:11.821Z] Platform:      win32
[debug] [2026-08-16T16:31:11.822Z] Node Version:  v24.18.0
[debug] [2026-08-16T16:31:11.822Z] Detected Agent: unknown
[debug] [2026-08-16T16:31:11.823Z] Time:          Sun Aug 16 2026 22:01:11 GMT+0530 (India Standard Time)
[debug] [2026-08-16T16:31:11.823Z] ----------------------------------------------------------------------
[debug] 
[debug] [2026-08-16T16:31:14.519Z] Object "" in "firebase.json" has unknown property: {"additionalProperty":"flutter"}
[debug] [2026-08-16T16:31:14.523Z] > command requires scopes: ["email","openid","https://www.googleapis.com/auth/cloudplatformprojects.readonly","https://www.googleapis.com/auth/firebase","https://www.googleapis.com/auth/cloud-platform"]
[debug] [2026-08-16T16:31:14.524Z] > authorizing via signed-in user (kumodhirajapura@gmail.com)
[debug] [2026-08-16T16:31:14.525Z] [iam] checking project smartnest-f9b99 for permissions ["datastore.indexes.create","datastore.indexes.delete","datastore.indexes.list","datastore.indexes.update","firebase.projects.get"]
[debug] [2026-08-16T16:31:14.558Z] Checked if tokens are valid: true, expires at: 1786899838661
[debug] [2026-08-16T16:31:14.558Z] Checked if tokens are valid: true, expires at: 1786899838661
[debug] [2026-08-16T16:31:14.559Z] >>> [apiv2][query] POST https://cloudresourcemanager.googleapis.com/v1/projects/smartnest-f9b99:testIamPermissions [none]
[debug] [2026-08-16T16:31:14.560Z] >>> [apiv2][(partial)header] POST https://cloudresourcemanager.googleapis.com/v1/projects/smartnest-f9b99:testIamPermissions  x-goog-user-project=smartnest-f9b99
[debug] [2026-08-16T16:31:14.560Z] >>> [apiv2][body] POST https://cloudresourcemanager.googleapis.com/v1/projects/smartnest-f9b99:testIamPermissions {"permissions":["datastore.indexes.create","datastore.indexes.delete","datastore.indexes.list","datastore.indexes.update","firebase.projects.get"]}
[debug] [2026-08-16T16:31:17.552Z] <<< [apiv2][status] POST https://cloudresourcemanager.googleapis.com/v1/projects/smartnest-f9b99:testIamPermissions 200
[debug] [2026-08-16T16:31:17.556Z] <<< [apiv2][body] POST https://cloudresourcemanager.googleapis.com/v1/projects/smartnest-f9b99:testIamPermissions {"permissions":["datastore.indexes.create","datastore.indexes.delete","datastore.indexes.list","datastore.indexes.update","firebase.projects.get"]}
[info] 
[info] === Deploying to 'smartnest-f9b99'...
[info] 
[info] i  deploying firestore 
[info] i  firestore: ensuring required API firestore.googleapis.com is enabled... 
[info] i  firestore: ensuring required API firestore.googleapis.com is enabled... 
[debug] [2026-08-16T16:31:17.588Z] Checked if tokens are valid: true, expires at: 1786899838661
[debug] [2026-08-16T16:31:17.589Z] Checked if tokens are valid: true, expires at: 1786899838661
[debug] [2026-08-16T16:31:17.590Z] >>> [apiv2][query] GET https://firestore.googleapis.com/v1/projects/smartnest-f9b99/databases/(default) [none]
[debug] [2026-08-16T16:31:18.355Z] <<< [apiv2][status] GET https://firestore.googleapis.com/v1/projects/smartnest-f9b99/databases/(default) 200
[debug] [2026-08-16T16:31:18.356Z] <<< [apiv2][body] GET https://firestore.googleapis.com/v1/projects/smartnest-f9b99/databases/(default) {"name":"projects/smartnest-f9b99/databases/(default)","uid":"170b97bc-08c9-43fb-90f7-f5c06577fc5b","createTime":"2026-07-30T06:51:39.207096Z","updateTime":"2026-07-30T06:51:39.207096Z","locationId":"asia-south1","type":"FIRESTORE_NATIVE","concurrencyMode":"PESSIMISTIC","versionRetentionPeriod":"3600s","earliestVersionTime":"2026-08-16T15:31:31.954856Z","appEngineIntegrationMode":"DISABLED","keyPrefix":"j","pointInTimeRecoveryEnablement":"POINT_IN_TIME_RECOVERY_DISABLED","deleteProtectionState":"DELETE_PROTECTION_DISABLED","databaseEdition":"STANDARD","freeTier":true,"realtimeUpdatesMode":"REALTIME_UPDATES_MODE_ENABLED","etag":"IISh5rDJpZYDMMHWxoHHpZYD"}
[info] i  firestore: reading indexes from firestore.indexes.json... 
[info] i  cloud.firestore: checking firestore.rules for compilation errors... 
[debug] [2026-08-16T16:31:18.371Z] Checked if tokens are valid: true, expires at: 1786899838661
[debug] [2026-08-16T16:31:18.372Z] Checked if tokens are valid: true, expires at: 1786899838661
[debug] [2026-08-16T16:31:18.375Z] >>> [apiv2][query] POST https://firebaserules.googleapis.com/v1/projects/smartnest-f9b99:test [none]
[debug] [2026-08-16T16:31:18.376Z] >>> [apiv2][body] POST https://firebaserules.googleapis.com/v1/projects/smartnest-f9b99:test [omitted]
[debug] [2026-08-16T16:31:19.031Z] <<< [apiv2][status] POST https://firebaserules.googleapis.com/v1/projects/smartnest-f9b99:test 200
[debug] [2026-08-16T16:31:19.033Z] <<< [apiv2][body] POST https://firebaserules.googleapis.com/v1/projects/smartnest-f9b99:test {}
[info] +  cloud.firestore: rules file firestore.rules compiled successfully 
[debug] [2026-08-16T16:31:19.044Z] Checked if tokens are valid: true, expires at: 1786899838661
[debug] [2026-08-16T16:31:19.045Z] Checked if tokens are valid: true, expires at: 1786899838661
[debug] [2026-08-16T16:31:19.048Z] >>> [apiv2][query] GET https://firebaserules.googleapis.com/v1/projects/smartnest-f9b99/releases pageSize=10&pageToken=
[debug] [2026-08-16T16:31:20.484Z] <<< [apiv2][status] GET https://firebaserules.googleapis.com/v1/projects/smartnest-f9b99/releases 200
[debug] [2026-08-16T16:31:20.485Z] <<< [apiv2][body] GET https://firebaserules.googleapis.com/v1/projects/smartnest-f9b99/releases {"releases":[{"name":"projects/smartnest-f9b99/releases/cloud.firestore","rulesetName":"projects/smartnest-f9b99/rulesets/9fc98f5a-aab9-4682-b715-7291e0800314","createTime":"2026-07-30T06:51:44.676679Z","updateTime":"2026-07-30T06:51:44.676679Z"}]}
[debug] [2026-08-16T16:31:20.486Z] Checked if tokens are valid: true, expires at: 1786899838661
[debug] [2026-08-16T16:31:20.486Z] Checked if tokens are valid: true, expires at: 1786899838661
[debug] [2026-08-16T16:31:20.487Z] >>> [apiv2][query] GET https://firebaserules.googleapis.com/v1/projects/smartnest-f9b99/rulesets/9fc98f5a-aab9-4682-b715-7291e0800314 [none]
[debug] [2026-08-16T16:31:21.870Z] <<< [apiv2][status] GET https://firebaserules.googleapis.com/v1/projects/smartnest-f9b99/rulesets/9fc98f5a-aab9-4682-b715-7291e0800314 200
[debug] [2026-08-16T16:31:21.871Z] <<< [apiv2][body] GET https://firebaserules.googleapis.com/v1/projects/smartnest-f9b99/rulesets/9fc98f5a-aab9-4682-b715-7291e0800314 [omitted]
[info] i  firestore: uploading rules firestore.rules... 
[debug] [2026-08-16T16:31:21.874Z] Checked if tokens are valid: true, expires at: 1786899838661
[debug] [2026-08-16T16:31:21.874Z] Checked if tokens are valid: true, expires at: 1786899838661
[debug] [2026-08-16T16:31:21.875Z] >>> [apiv2][query] POST https://firebaserules.googleapis.com/v1/projects/smartnest-f9b99/rulesets [none]
[debug] [2026-08-16T16:31:21.876Z] >>> [apiv2][body] POST https://firebaserules.googleapis.com/v1/projects/smartnest-f9b99/rulesets [omitted]
[debug] [2026-08-16T16:31:23.574Z] <<< [apiv2][status] POST https://firebaserules.googleapis.com/v1/projects/smartnest-f9b99/rulesets 200
[debug] [2026-08-16T16:31:23.574Z] <<< [apiv2][body] POST https://firebaserules.googleapis.com/v1/projects/smartnest-f9b99/rulesets {"name":"projects/smartnest-f9b99/rulesets/fce77150-de84-4533-85c6-5c1951a8e3dc","source":{"files":[{"content":"rules_version = '2';\r\n\r\n// Security rules for Smart Nest.\r\n//\r\n// Canonical schema: firebase/SCHEMA.md\r\n//\r\n// Two kinds of caller reach Firestore through these rules:\r\n//\r\n//   * the Flutter app     -- signed in with email/password or Google\r\n//   * the web simulator   -- signed in anonymously\r\n//\r\n// The backend worker uses the Admin SDK, which bypasses rules entirely. That\r\n// asymmetry is the design: anything only the worker may write is simply denied\r\n// to everybody here, and the worker still writes it.\r\n//\r\n// There is no `ownerId` scoping. This is one shared house -- the app, the\r\n// simulator and the worker all look at the same devices. Per-user devices would\r\n// make the simulator unable to mirror the app at all.\r\n//\r\n// Deploy:  firebase deploy --only firestore:rules\r\n\r\nservice cloud.firestore {\r\n  match /databases/{database}/documents {\r\n\r\n    function signedIn() {\r\n      return request.auth != null;\r\n    }\r\n\r\n    // Which fields this update actually touches.\r\n    function changed() {\r\n      return request.resource.data.diff(resource.data).affectedKeys();\r\n    }\r\n\r\n    function validStatus() {\r\n      return request.resource.data.status in ['on', 'off', 'error', 'disconnected'];\r\n    }\r\n\r\n    // lastAlert / lastAlertAt are written by the worker only. A client that\r\n    // could set them could fake a safety alert on any device.\r\n    function noBackendOnlyFields() {\r\n      return !changed().hasAny(['lastAlert', 'lastAlertAt']);\r\n    }\r\n\r\n    match /floors/{floorId} {\r\n      allow read: if signedIn();\r\n      allow create, update, delete: if signedIn();\r\n    }\r\n\r\n    match /rooms/{roomId} {\r\n      allow read: if signedIn();\r\n      allow create, update, delete: if signedIn();\r\n    }\r\n\r\n    match /devices/{deviceId} {\r\n      allow read: if signedIn();\r\n      allow create, delete: if signedIn();\r\n\r\n      // The field list is closed: an unknown field name is rejected rather\r\n      // than silently stored. With three separate clients writing to one\r\n      // collection, that is what keeps them honest about the schema -- a typo\r\n      // fails loudly instead of creating a field nobody reads.\r\n      allow update: if signedIn()\r\n        && validStatus()\r\n        && noBackendOnlyFields()\r\n        && changed().hasOnly([\r\n             'id', 'name', 'type', 'roomId', 'floorId',\r\n             'status', 'statusReason', 'turnedOnAt',\r\n             'childSwitches', 'switches',\r\n             'maxOnDurationMinutes',\r\n             'scheduleStartTime', 'scheduleEndTime',\r\n             'scheduleDays', 'scheduleEnabled',\r\n             'cameraImageUrls', 'iconName', 'powerUsage',\r\n             'lastHeartbeat', 'updatedBy', 'lastUpdated'\r\n           ]);\r\n    }\r\n\r\n    // Usage history is evidence. The worker writes it through the Admin SDK;\r\n    // no client can add to it, edit it, or quietly erase a session.\r\n    match /usage_logs/{logId} {\r\n      allow read: if signedIn();\r\n      allow write: if false;\r\n    }\r\n\r\n    // Alerts are raised by the worker. A client may only acknowledge one.\r\n    match /alerts/{alertId} {\r\n      allow read: if signedIn();\r\n      allow create: if false;\r\n      allow update: if signedIn() && changed().hasOnly(['acknowledged']);\r\n      allow delete: if signedIn();\r\n    }\r\n\r\n    // Anything not named above is closed.\r\n    match /{document=**} {\r\n      allow read, write: if false;\r\n    }\r\n  }\r\n}\r\n","name":"firestore.rules"}]},"createTime":"2026-08-16T16:31:36.968943Z","metadata":{"services":["cloud.firestore"]}}
[debug] [2026-08-16T16:31:23.575Z] [rules] created ruleset projects/smartnest-f9b99/rulesets/fce77150-de84-4533-85c6-5c1951a8e3dc
[debug] [2026-08-16T16:31:23.576Z] [rules] releasing cloud.firestore with ruleset projects/smartnest-f9b99/rulesets/fce77150-de84-4533-85c6-5c1951a8e3dc
[debug] [2026-08-16T16:31:23.577Z] Checked if tokens are valid: true, expires at: 1786899838661
[debug] [2026-08-16T16:31:23.577Z] Checked if tokens are valid: true, expires at: 1786899838661
[debug] [2026-08-16T16:31:23.578Z] >>> [apiv2][query] PATCH https://firebaserules.googleapis.com/v1/projects/smartnest-f9b99/releases/cloud.firestore [none]
[debug] [2026-08-16T16:31:23.578Z] >>> [apiv2][body] PATCH https://firebaserules.googleapis.com/v1/projects/smartnest-f9b99/releases/cloud.firestore {"release":{"name":"projects/smartnest-f9b99/releases/cloud.firestore","rulesetName":"projects/smartnest-f9b99/rulesets/fce77150-de84-4533-85c6-5c1951a8e3dc"}}
[debug] [2026-08-16T16:31:25.540Z] <<< [apiv2][status] PATCH https://firebaserules.googleapis.com/v1/projects/smartnest-f9b99/releases/cloud.firestore 200
[debug] [2026-08-16T16:31:25.541Z] <<< [apiv2][body] PATCH https://firebaserules.googleapis.com/v1/projects/smartnest-f9b99/releases/cloud.firestore {"name":"projects/smartnest-f9b99/releases/cloud.firestore","rulesetName":"projects/smartnest-f9b99/rulesets/fce77150-de84-4533-85c6-5c1951a8e3dc","createTime":"2026-07-30T06:51:44.676679Z","updateTime":"2026-08-16T16:31:38.629297Z"}
[debug] [2026-08-16T16:31:25.543Z] [rules] updated release projects/smartnest-f9b99/releases/cloud.firestore
[info] +  firestore: released rules firestore.rules to cloud.firestore 
[info] 
[info] +  Deploy complete! 
[info] 
[info] Project Console: https://console.firebase.google.com/project/smartnest-f9b99/overview
